[13-Mar-2026 04:00:52 UTC] PHP Warning:  Attempt to read property "queue" on null in /workspaces/UX221-Assignment-2/.wordpress/wp-includes/class-wp-oembed-controller.php on line 211
[13-Mar-2026 04:00:52 UTC] PHP Warning:  foreach() argument must be of type array|object, null given in /workspaces/UX221-Assignment-2/.wordpress/wp-includes/class-wp-oembed-controller.php on line 211
[13-Mar-2026 04:03:52 UTC] PHP Warning:  Undefined variable $parent_theme_name in /workspaces/UX221-Assignment-2/.wordpress/wp-content/mu-plugins/one-click-child-theme/templates/create_child_form.php on line 18
[13-Mar-2026 04:04:00 UTC] Invalid url passed to get_utm_ready_link function
[13-Mar-2026 04:04:00 UTC] Invalid url passed to get_utm_ready_link function
[13-Mar-2026 04:04:00 UTC] Invalid url passed to get_utm_ready_link function
[13-Mar-2026 04:04:00 UTC] Invalid url passed to get_utm_ready_link function
[13-Mar-2026 04:04:00 UTC] Invalid url passed to get_utm_ready_link function
[13-Mar-2026 04:04:00 UTC] Invalid url passed to get_utm_ready_link function
[13-Mar-2026 04:04:00 UTC] Invalid url passed to get_utm_ready_link function
[13-Mar-2026 04:04:00 UTC] Invalid url passed to get_utm_ready_link function
[13-Mar-2026 04:04:00 UTC] Invalid url passed to get_utm_ready_link function
[13-Mar-2026 04:04:00 UTC] Invalid url passed to get_utm_ready_link function
[13-Mar-2026 04:04:01 UTC] Invalid url passed to get_utm_ready_link function
[13-Mar-2026 04:04:01 UTC] Invalid url passed to get_utm_ready_link function
[13-Mar-2026 04:04:01 UTC] Invalid url passed to get_utm_ready_link function
[13-Mar-2026 04:04:01 UTC] Invalid url passed to get_utm_ready_link function
[13-Mar-2026 04:04:01 UTC] Invalid url passed to get_utm_ready_link function
[13-Mar-2026 04:04:01 UTC] Invalid url passed to get_utm_ready_link function
[13-Mar-2026 04:04:01 UTC] Invalid url passed to get_utm_ready_link function
[13-Mar-2026 04:04:01 UTC] Invalid url passed to get_utm_ready_link function
[13-Mar-2026 04:04:01 UTC] Invalid url passed to get_utm_ready_link function
[13-Mar-2026 04:04:01 UTC] Invalid url passed to get_utm_ready_link function
[13-Mar-2026 04:05:03 UTC] Invalid url passed to get_utm_ready_link function
[13-Mar-2026 04:05:03 UTC] Invalid url passed to get_utm_ready_link function
[13-Mar-2026 04:05:03 UTC] Invalid url passed to get_utm_ready_link function
[13-Mar-2026 04:05:03 UTC] Invalid url passed to get_utm_ready_link function
[13-Mar-2026 04:05:03 UTC] Invalid url passed to get_utm_ready_link function
[13-Mar-2026 04:05:03 UTC] Invalid url passed to get_utm_ready_link function
[13-Mar-2026 04:05:03 UTC] Invalid url passed to get_utm_ready_link function
[13-Mar-2026 04:05:03 UTC] Invalid url passed to get_utm_ready_link function
[13-Mar-2026 04:05:03 UTC] Invalid url passed to get_utm_ready_link function
[13-Mar-2026 04:05:03 UTC] Invalid url passed to get_utm_ready_link function
[13-Mar-2026 04:05:13 UTC] Invalid url passed to get_utm_ready_link function
[13-Mar-2026 04:05:13 UTC] Invalid url passed to get_utm_ready_link function
[13-Mar-2026 04:05:13 UTC] Invalid url passed to get_utm_ready_link function
[13-Mar-2026 04:05:13 UTC] Invalid url passed to get_utm_ready_link function
[13-Mar-2026 04:05:13 UTC] Invalid url passed to get_utm_ready_link function
[13-Mar-2026 04:05:13 UTC] Invalid url passed to get_utm_ready_link function
[13-Mar-2026 04:05:13 UTC] Invalid url passed to get_utm_ready_link function
[13-Mar-2026 04:05:13 UTC] Invalid url passed to get_utm_ready_link function
[13-Mar-2026 04:05:13 UTC] Invalid url passed to get_utm_ready_link function
[13-Mar-2026 04:05:13 UTC] Invalid url passed to get_utm_ready_link function
[13-Mar-2026 04:06:03 UTC] Invalid url passed to get_utm_ready_link function
[13-Mar-2026 04:06:03 UTC] Invalid url passed to get_utm_ready_link function
[13-Mar-2026 04:06:03 UTC] Invalid url passed to get_utm_ready_link function
[13-Mar-2026 04:06:03 UTC] Invalid url passed to get_utm_ready_link function
[13-Mar-2026 04:06:03 UTC] Invalid url passed to get_utm_ready_link function
[13-Mar-2026 04:06:03 UTC] Invalid url passed to get_utm_ready_link function
[13-Mar-2026 04:06:03 UTC] Invalid url passed to get_utm_ready_link function
[13-Mar-2026 04:06:03 UTC] Invalid url passed to get_utm_ready_link function
[13-Mar-2026 04:06:03 UTC] Invalid url passed to get_utm_ready_link function
[13-Mar-2026 04:06:03 UTC] Invalid url passed to get_utm_ready_link function
[13-Mar-2026 04:06:13 UTC] Invalid url passed to get_utm_ready_link function
[13-Mar-2026 04:06:13 UTC] Invalid url passed to get_utm_ready_link function
[13-Mar-2026 04:06:13 UTC] Invalid url passed to get_utm_ready_link function
[13-Mar-2026 04:06:13 UTC] Invalid url passed to get_utm_ready_link function
[13-Mar-2026 04:06:13 UTC] Invalid url passed to get_utm_ready_link function
[13-Mar-2026 04:06:13 UTC] Invalid url passed to get_utm_ready_link function
[13-Mar-2026 04:06:13 UTC] Invalid url passed to get_utm_ready_link function
[13-Mar-2026 04:06:13 UTC] Invalid url passed to get_utm_ready_link function
[13-Mar-2026 04:06:13 UTC] Invalid url passed to get_utm_ready_link function
[13-Mar-2026 04:06:13 UTC] Invalid url passed to get_utm_ready_link function
[13-Mar-2026 04:06:56 UTC] Invalid url passed to get_utm_ready_link function
[13-Mar-2026 04:06:56 UTC] Invalid url passed to get_utm_ready_link function
[13-Mar-2026 04:06:56 UTC] Invalid url passed to get_utm_ready_link function
[13-Mar-2026 04:06:56 UTC] Invalid url passed to get_utm_ready_link function
[13-Mar-2026 04:06:56 UTC] Invalid url passed to get_utm_ready_link function
[13-Mar-2026 04:06:56 UTC] Invalid url passed to get_utm_ready_link function
[13-Mar-2026 04:06:56 UTC] Invalid url passed to get_utm_ready_link function
[13-Mar-2026 04:06:56 UTC] Invalid url passed to get_utm_ready_link function
[13-Mar-2026 04:06:56 UTC] Invalid url passed to get_utm_ready_link function
[13-Mar-2026 04:06:56 UTC] Invalid url passed to get_utm_ready_link function
[13-Mar-2026 04:07:03 UTC] Invalid url passed to get_utm_ready_link function
[13-Mar-2026 04:07:03 UTC] Invalid url passed to get_utm_ready_link function
[13-Mar-2026 04:07:03 UTC] Invalid url passed to get_utm_ready_link function
[13-Mar-2026 04:07:03 UTC] Invalid url passed to get_utm_ready_link function
[13-Mar-2026 04:07:03 UTC] Invalid url passed to get_utm_ready_link function
[13-Mar-2026 04:07:03 UTC] Invalid url passed to get_utm_ready_link function
[13-Mar-2026 04:07:03 UTC] Invalid url passed to get_utm_ready_link function
[13-Mar-2026 04:07:03 UTC] Invalid url passed to get_utm_ready_link function
[13-Mar-2026 04:07:03 UTC] Invalid url passed to get_utm_ready_link function
[13-Mar-2026 04:07:03 UTC] Invalid url passed to get_utm_ready_link function
[13-Mar-2026 04:08:03 UTC] Invalid url passed to get_utm_ready_link function
[13-Mar-2026 04:08:03 UTC] Invalid url passed to get_utm_ready_link function
[13-Mar-2026 04:08:03 UTC] Invalid url passed to get_utm_ready_link function
[13-Mar-2026 04:08:03 UTC] Invalid url passed to get_utm_ready_link function
[13-Mar-2026 04:08:03 UTC] Invalid url passed to get_utm_ready_link function
[13-Mar-2026 04:08:03 UTC] Invalid url passed to get_utm_ready_link function
[13-Mar-2026 04:08:03 UTC] Invalid url passed to get_utm_ready_link function
[13-Mar-2026 04:08:03 UTC] Invalid url passed to get_utm_ready_link function
[13-Mar-2026 04:08:03 UTC] Invalid url passed to get_utm_ready_link function
[13-Mar-2026 04:08:03 UTC] Invalid url passed to get_utm_ready_link function
[13-Mar-2026 21:28:41 UTC] Invalid url passed to get_utm_ready_link function
[13-Mar-2026 21:28:50 UTC] Invalid url passed to get_utm_ready_link function
[13-Mar-2026 21:30:54 UTC] Invalid url passed to get_utm_ready_link function
[13-Mar-2026 21:31:46 UTC] Invalid url passed to get_utm_ready_link function
[13-Mar-2026 21:31:52 UTC] Invalid url passed to get_utm_ready_link function
[13-Mar-2026 21:32:25 UTC] Invalid url passed to get_utm_ready_link function
[13-Mar-2026 21:32:29 UTC] Invalid url passed to get_utm_ready_link function
[13-Mar-2026 21:33:11 UTC] Invalid url passed to get_utm_ready_link function
[13-Mar-2026 21:33:14 UTC] Invalid url passed to get_utm_ready_link function
[13-Mar-2026 21:33:45 UTC] Invalid url passed to get_utm_ready_link function
[13-Mar-2026 21:33:47 UTC] Invalid url passed to get_utm_ready_link function
[13-Mar-2026 21:34:19 UTC] Invalid url passed to get_utm_ready_link function
[13-Mar-2026 21:34:40 UTC] Invalid url passed to get_utm_ready_link function
[13-Mar-2026 21:38:21 UTC] Invalid url passed to get_utm_ready_link function
[13-Mar-2026 21:40:45 UTC] Invalid url passed to get_utm_ready_link function
[13-Mar-2026 21:41:48 UTC] Invalid url passed to get_utm_ready_link function
[13-Mar-2026 21:41:48 UTC] Invalid url passed to get_utm_ready_link function
[13-Mar-2026 21:41:48 UTC] Invalid url passed to get_utm_ready_link function
[13-Mar-2026 21:41:48 UTC] Invalid url passed to get_utm_ready_link function
[13-Mar-2026 21:41:48 UTC] Invalid url passed to get_utm_ready_link function
[13-Mar-2026 21:41:48 UTC] Invalid url passed to get_utm_ready_link function
[13-Mar-2026 21:41:48 UTC] Invalid url passed to get_utm_ready_link function
[13-Mar-2026 21:41:48 UTC] Invalid url passed to get_utm_ready_link function
[13-Mar-2026 21:41:48 UTC] Invalid url passed to get_utm_ready_link function
[13-Mar-2026 21:41:48 UTC] Invalid url passed to get_utm_ready_link function
[13-Mar-2026 21:41:49 UTC] Invalid url passed to get_utm_ready_link function
[13-Mar-2026 21:41:49 UTC] Invalid url passed to get_utm_ready_link function
[13-Mar-2026 21:41:49 UTC] Invalid url passed to get_utm_ready_link function
[13-Mar-2026 21:41:49 UTC] Invalid url passed to get_utm_ready_link function
[13-Mar-2026 21:41:49 UTC] Invalid url passed to get_utm_ready_link function
[13-Mar-2026 21:41:49 UTC] Invalid url passed to get_utm_ready_link function
[13-Mar-2026 21:41:49 UTC] Invalid url passed to get_utm_ready_link function
[13-Mar-2026 21:41:49 UTC] Invalid url passed to get_utm_ready_link function
[13-Mar-2026 21:41:49 UTC] Invalid url passed to get_utm_ready_link function
[13-Mar-2026 21:41:49 UTC] Invalid url passed to get_utm_ready_link function
[13-Mar-2026 21:42:52 UTC] Invalid url passed to get_utm_ready_link function
[13-Mar-2026 21:42:52 UTC] Invalid url passed to get_utm_ready_link function
[13-Mar-2026 21:42:52 UTC] Invalid url passed to get_utm_ready_link function
[13-Mar-2026 21:42:52 UTC] Invalid url passed to get_utm_ready_link function
[13-Mar-2026 21:42:52 UTC] Invalid url passed to get_utm_ready_link function
[13-Mar-2026 21:42:52 UTC] Invalid url passed to get_utm_ready_link function
[13-Mar-2026 21:42:52 UTC] Invalid url passed to get_utm_ready_link function
[13-Mar-2026 21:42:52 UTC] Invalid url passed to get_utm_ready_link function
[13-Mar-2026 21:42:52 UTC] Invalid url passed to get_utm_ready_link function
[13-Mar-2026 21:42:52 UTC] Invalid url passed to get_utm_ready_link function
[13-Mar-2026 21:42:59 UTC] Invalid url passed to get_utm_ready_link function
[13-Mar-2026 21:42:59 UTC] Invalid url passed to get_utm_ready_link function
[13-Mar-2026 21:42:59 UTC] Invalid url passed to get_utm_ready_link function
[13-Mar-2026 21:42:59 UTC] Invalid url passed to get_utm_ready_link function
[13-Mar-2026 21:42:59 UTC] Invalid url passed to get_utm_ready_link function
[13-Mar-2026 21:42:59 UTC] Invalid url passed to get_utm_ready_link function
[13-Mar-2026 21:42:59 UTC] Invalid url passed to get_utm_ready_link function
[13-Mar-2026 21:42:59 UTC] Invalid url passed to get_utm_ready_link function
[13-Mar-2026 21:42:59 UTC] Invalid url passed to get_utm_ready_link function
[13-Mar-2026 21:42:59 UTC] Invalid url passed to get_utm_ready_link function
[13-Mar-2026 21:43:52 UTC] Invalid url passed to get_utm_ready_link function
[13-Mar-2026 21:43:52 UTC] Invalid url passed to get_utm_ready_link function
[13-Mar-2026 21:43:52 UTC] Invalid url passed to get_utm_ready_link function
[13-Mar-2026 21:43:52 UTC] Invalid url passed to get_utm_ready_link function
[13-Mar-2026 21:43:52 UTC] Invalid url passed to get_utm_ready_link function
[13-Mar-2026 21:43:52 UTC] Invalid url passed to get_utm_ready_link function
[13-Mar-2026 21:43:52 UTC] Invalid url passed to get_utm_ready_link function
[13-Mar-2026 21:43:52 UTC] Invalid url passed to get_utm_ready_link function
[13-Mar-2026 21:43:52 UTC] Invalid url passed to get_utm_ready_link function
[13-Mar-2026 21:43:52 UTC] Invalid url passed to get_utm_ready_link function
[13-Mar-2026 21:43:59 UTC] Invalid url passed to get_utm_ready_link function
[13-Mar-2026 21:43:59 UTC] Invalid url passed to get_utm_ready_link function
[13-Mar-2026 21:43:59 UTC] Invalid url passed to get_utm_ready_link function
[13-Mar-2026 21:43:59 UTC] Invalid url passed to get_utm_ready_link function
[13-Mar-2026 21:43:59 UTC] Invalid url passed to get_utm_ready_link function
[13-Mar-2026 21:43:59 UTC] Invalid url passed to get_utm_ready_link function
[13-Mar-2026 21:43:59 UTC] Invalid url passed to get_utm_ready_link function
[13-Mar-2026 21:43:59 UTC] Invalid url passed to get_utm_ready_link function
[13-Mar-2026 21:43:59 UTC] Invalid url passed to get_utm_ready_link function
[13-Mar-2026 21:43:59 UTC] Invalid url passed to get_utm_ready_link function
[13-Mar-2026 21:45:05 UTC] Invalid url passed to get_utm_ready_link function
[13-Mar-2026 21:45:40 UTC] PHP Fatal error:  Out of memory (allocated 48234496 bytes) (tried to allocate 1339392 bytes) in /workspaces/UX221-Assignment-3/.wordpress/wp-content/themes/astra/assets/svg/svgs.json on line 1
[13-Mar-2026 21:45:56 UTC] PHP Fatal error:  Out of memory (allocated 46137344 bytes) (tried to allocate 1339392 bytes) in /workspaces/UX221-Assignment-3/.wordpress/wp-content/themes/astra/assets/svg/svgs.json on line 1
